No VM guests are running outdated hypervisor (qemu) binaries on this host.
iittp@iittp-oxidised:/var/www/html$ sudo sysytemctl restart apache2
sudo: sysytemctl: command not found
iittp@iittp-oxidised:/var/www/html$
iittp@iittp-oxidised:/var/www/html$ sudo systemctl restart apache2
iittp@iittp-oxidised:/var/www/html$
iittp@iittp-oxidised:/var/www/html$
iittp@iittp-oxidised:/var/www/html$ sudo mysql
Welcome to the MySQL monitor.  Commands end with ; or \g.
Your MySQL connection id is 13
Server version: 8.0.40-0ubuntu0.22.04.1 (Ubuntu)

Copyright (c) 2000, 2024, Oracle and/or its affiliates.

Oracle is a registered trademark of Oracle Corporation and/or its
affiliates. Other names may be trademarks of their respective
owners.

Type 'help;' or '\h' for help. Type '\c' to clear the current input statement.

mysql> GRANT ALL PRIVILEGES ON user_management.* TO 'root'@'localhost' IDENTIFIED BY 'your_password';
ERROR 1064 (42000): You have an error in your SQL syntax; check the manual that corresponds to your MySQL server version for the right syntax to use near 'IDENTIFIED BY 'your_password'' at line 1
mysql> FLUSH PRIVILEGES;
Query OK, 0 rows affected (0.01 sec)

mysql> GRANT ALL PRIVILEGES ON user_management.* TO 'root'@'localhost' IDENTIFIED BY 'Ajith93@iittp';
ERROR 1064 (42000): You have an error in your SQL syntax; check the manual that corresponds to your MySQL server version for the right syntax to use near 'IDENTIFIED BY 'Ajith93@iittp'' at line 1
mysql> FLUSH PRIVILEGES;
Query OK, 0 rows affected (0.01 sec)

mysql>
mysql>
mysql> GRANT ALL PRIVILEGES ON user_management.* TO 'root'@'localhost' IDENTIFIED BY 'Ajith93@iittp';
ERROR 1064 (42000): You have an error in your SQL syntax; check the manual that corresponds to your MySQL server version for the right syntax to use near 'IDENTIFIED BY 'Ajith93@iittp'' at line 1
mysql> FLUSH PRIVILEGES;B
Query OK, 0 rows affected (0.01 sec)

    ->
    ->
    ->
    -> ;
ERROR 1064 (42000): You have an error in your SQL syntax; check the manual that corresponds to your MySQL server version for the right syntax to use near 'B' at line 1
mysql>
mysql>
mysql>
mysql> FLUSH PRIVILEGES;
Query OK, 0 rows affected (0.01 sec)

mysql>
mysql>
mysql>
mysql> GRANT ALL PRIVILEGES ON user_management.* TO 'root'@'localhost' IDENTIFIED BY 'Ajith93@iittp';
ERROR 1064 (42000): You have an error in your SQL syntax; check the manual that corresponds to your MySQL server version for the right syntax to use near 'IDENTIFIED BY 'Ajith93@iittp'' at line 1
mysql> ^C
mysql> CREATE USER 'root'@'localhost' IDENTIFIED BY 'Ajith93@iittp';
ERROR 1396 (HY000): Operation CREATE USER failed for 'root'@'localhost'
mysql>
mysql> ALTER USER 'root'@'localhost' IDENTIFIED BY 'Ajith93@iittp';
Query OK, 0 rows affected (0.00 sec)

mysql> GRANT ALL PRIVILEGES ON user_management.* TO 'root'@'localhost';
Query OK, 0 rows affected (0.01 sec)

mysql> exit
Bye
iittp@iittp-oxidised:/var/www/html$
iittp@iittp-oxidised:/var/www/html$
iittp@iittp-oxidised:/var/www/html$ mysql -u root -p -e "SHOW DATABASES;"
Enter password:
ERROR 1698 (28000): Access denied for user 'root'@'localhost'
iittp@iittp-oxidised:/var/www/html$
iittp@iittp-oxidised:/var/www/html$ mysql -u root -p -e "SHOW DATABASES;"
Enter password:
ERROR 1698 (28000): Access denied for user 'root'@'localhost'
iittp@iittp-oxidised:/var/www/html$ sudo mysql -u root -p -e "SHOW DATABASES;"
Enter password:
+--------------------+
| Database           |
+--------------------+
| information_schema |
| mysql              |
| performance_schema |
| sys                |
| user_management    |
+--------------------+
iittp@iittp-oxidised:/var/www/html$
iittp@iittp-oxidised:/var/www/html$
iittp@iittp-oxidised:/var/www/html$
iittp@iittp-oxidised:/var/www/html$
iittp@iittp-oxidised:/var/www/html$
iittp@iittp-oxidised:/var/www/html$
iittp@iittp-oxidised:/var/www/html$ sudo mysql -u root -p
Enter password:
Welcome to the MySQL monitor.  Commands end with ; or \g.
Your MySQL connection id is 17
Server version: 8.0.40-0ubuntu0.22.04.1 (Ubuntu)

Copyright (c) 2000, 2024, Oracle and/or its affiliates.

Oracle is a registered trademark of Oracle Corporation and/or its
affiliates. Other names may be trademarks of their respective
owners.

Type 'help;' or '\h' for help. Type '\c' to clear the current input statement.

mysql>
mysql>
mysql> FLUSH PRIVILEGES;
Query OK, 0 rows affected (0.00 sec)

mysql>
mysql> exit
Bye
iittp@iittp-oxidised:/var/www/html$
iittp@iittp-oxidised:/var/www/html$
iittp@iittp-oxidised:/var/www/html$ sudo nano db.php
iittp@iittp-oxidised:/var/www/html$
iittp@iittp-oxidised:/var/www/html$
iittp@iittp-oxidised:/var/www/html$
iittp@iittp-oxidised:/var/www/html$
iittp@iittp-oxidised:/var/www/html$ sudo systemctl restart apache2
iittp@iittp-oxidised:/var/www/html$ sudo mysql -u root -p
Enter password:
Welcome to the MySQL monitor.  Commands end with ; or \g.
Your MySQL connection id is 22
Server version: 8.0.40-0ubuntu0.22.04.1 (Ubuntu)

Copyright (c) 2000, 2024, Oracle and/or its affiliates.

Oracle is a registered trademark of Oracle Corporation and/or its
affiliates. Other names may be trademarks of their respective
owners.

Type 'help;' or '\h' for help. Type '\c' to clear the current input statement.

mysql>
mysql>
mysql> GRANT ALL PRIVILEGES ON user_management.* TO 'root'@'localhost';
Query OK, 0 rows affected (0.01 sec)

mysql> FLUSH PRIVILEGES;
Query OK, 0 rows affected (0.01 sec)

mysql>
mysql>
mysql>
mysql>
mysql> exit
Bye
iittp@iittp-oxidised:/var/www/html$
iittp@iittp-oxidised:/var/www/html$
iittp@iittp-oxidised:/var/www/html$ sudo systemctl restart apache2
iittp@iittp-oxidised:/var/www/html$ sudo mysql -u root -p
Enter password:
Welcome to the MySQL monitor.  Commands end with ; or \g.
Your MySQL connection id is 29
Server version: 8.0.40-0ubuntu0.22.04.1 (Ubuntu)

Copyright (c) 2000, 2024, Oracle and/or its affiliates.

Oracle is a registered trademark of Oracle Corporation and/or its
affiliates. Other names may be trademarks of their respective
owners.

Type 'help;' or '\h' for help. Type '\c' to clear the current input statement.

mysql> GRANT ALL PRIVILEGES ON user_management.* TO 'root'@'localhost';
Query OK, 0 rows affected (0.01 sec)

mysql>
mysql>
mysql> exit
Bye
iittp@iittp-oxidised:/var/www/html$
iittp@iittp-oxidised:/var/www/html$
iittp@iittp-oxidised:/var/www/html$
iittp@iittp-oxidised:/var/www/html$ sudo mysql
Welcome to the MySQL monitor.  Commands end with ; or \g.
Your MySQL connection id is 38
Server version: 8.0.40-0ubuntu0.22.04.1 (Ubuntu)

Copyright (c) 2000, 2024, Oracle and/or its affiliates.

Oracle is a registered trademark of Oracle Corporation and/or its
affiliates. Other names may be trademarks of their respective
owners.

Type 'help;' or '\h' for help. Type '\c' to clear the current input statement.

mysql> SELECT user, host, plugin FROM mysql.user WHERE user = 'root';
+------+-----------+-------------+
| user | host      | plugin      |
+------+-----------+-------------+
| root | localhost | auth_socket |
+------+-----------+-------------+
1 row in set (0.00 sec)

mysql>
mysql> sudo mysql
    -> exit
    ->
    ->
    -> ^C
mysql>
mysql> exit
Bye
iittp@iittp-oxidised:/var/www/html$
iittp@iittp-oxidised:/var/www/html$
iittp@iittp-oxidised:/var/www/html$ sudo mysql
Welcome to the MySQL monitor.  Commands end with ; or \g.
Your MySQL connection id is 39
Server version: 8.0.40-0ubuntu0.22.04.1 (Ubuntu)

Copyright (c) 2000, 2024, Oracle and/or its affiliates.

Oracle is a registered trademark of Oracle Corporation and/or its
affiliates. Other names may be trademarks of their respective
owners.

Type 'help;' or '\h' for help. Type '\c' to clear the current input statement.

mysql> ALTER USER 'root'@'localhost' IDENTIFIED WITH mysql_native_password BY 'Ajith93@iittp';
Query OK, 0 rows affected (0.00 sec)

mysql> FLUSH PRIVILEGES;
Query OK, 0 rows affected (0.01 sec)

mysql> EXIT;
Bye
iittp@iittp-oxidised:/var/www/html$ mysql -u root -p
Enter password:
Welcome to the MySQL monitor.  Commands end with ; or \g.
Your MySQL connection id is 40
Server version: 8.0.40-0ubuntu0.22.04.1 (Ubuntu)

Copyright (c) 2000, 2024, Oracle and/or its affiliates.

Oracle is a registered trademark of Oracle Corporation and/or its
affiliates. Other names may be trademarks of their respective
owners.

Type 'help;' or '\h' for help. Type '\c' to clear the current input statement.

mysql>
mysql>
mysql>
mysql> exit
Bye
iittp@iittp-oxidised:/var/www/html$
iittp@iittp-oxidised:/var/www/html$
iittp@iittp-oxidised:/var/www/html$ sudo mysql
ERROR 1045 (28000): Access denied for user 'root'@'localhost' (using password: NO)
iittp@iittp-oxidised:/var/www/html$ sudo mysql -u root -p
Enter password:
Welcome to the MySQL monitor.  Commands end with ; or \g.
Your MySQL connection id is 42
Server version: 8.0.40-0ubuntu0.22.04.1 (Ubuntu)

Copyright (c) 2000, 2024, Oracle and/or its affiliates.

Oracle is a registered trademark of Oracle Corporation and/or its
affiliates. Other names may be trademarks of their respective
owners.

Type 'help;' or '\h' for help. Type '\c' to clear the current input statement.

mysql> CREATE USER 'php_user'@'localhost' IDENTIFIED BY 'Ajith93@iittp';
Query OK, 0 rows affected (0.02 sec)

mysql> GRANT ALL PRIVILEGES ON *.* TO 'php_user'@'localhost' WITH GRANT OPTION;
Query OK, 0 rows affected (0.02 sec)

mysql> FLUSH PRIVILEGES;
Query OK, 0 rows affected (0.01 sec)

mysql> exit
Bye
iittp@iittp-oxidised:/var/www/html$
iittp@iittp-oxidised:/var/www/html$
iittp@iittp-oxidised:/var/www/html$ sudo nano db.php
iittp@iittp-oxidised:/var/www/html$
iittp@iittp-oxidised:/var/www/html$
iittp@iittp-oxidised:/var/www/html$
iittp@iittp-oxidised:/var/www/html$ sudo systemctl restart apache2
iittp@iittp-oxidised:/var/www/html$
